// Jest Snapshot v1, https://goo.gl/fbAQLP

exports[`DownloadButton renders correctly 1`] = `
<Button
  className="download-button tool-oc"
  component="a"
  data-test-id="download-btn-oc"
  disabled={false}
  download={true}
  href="https://mirror.openshift.com/pub/openshift-v4/x86_64/clients/ocp/stable/openshift-client-linux.tar.gz"
  onClick={[Function]}
  variant="secondary"
>
  Download command-line tools
</Button>
`;

exports[`DownloadButton when disabled should render 1`] = `
<Button
  className="download-button tool-x86_64-openshift-install"
  component="a"
  data-test-id="download-btn-x86_64-openshift-install"
  disabled={true}
  onClick={[Function]}
  rel="noreferrer noopener"
  target="_blank"
  variant="secondary"
>
  Not available
</Button>
`;
