// Jest Snapshot v1, https://goo.gl/fbAQLP

exports[`<ClusterListEmptyState /> renders correctly 1`] = `
<EmptyState
  className="cluster-list-empty-state"
  variant="large"
>
  <EmptyStateIcon
    color="#c00"
    icon={[Function]}
  />
  <Title
    headingLevel="h4"
    size="2xl"
  >
    No OpenShift clusters to display
  </Title>
  <EmptyStateBody>
    The Red Hat OpenShift Cluster Manager helps you create, register, and manage OpenShift 4 clusters. To get started, create your first cluster.
  </EmptyStateBody>
  <Link
    to="/create"
  >
    <Button
      className="pf-u-mt-xl"
      data-test-id="create_cluster_btn"
    >
      Create cluster
    </Button>
  </Link>
  <EmptyStateSecondaryActions>
    <Link
      to="/register"
    >
      <Button
        variant="link"
      >
        Register cluster
      </Button>
    </Link>
    <Link
      to="/archived"
    >
      <Button
        variant="link"
      >
        View cluster archives
      </Button>
    </Link>
    <Connect(Component) />
  </EmptyStateSecondaryActions>
</EmptyState>
`;
