// Jest Snapshot v1, https://goo.gl/fbAQLP

exports[`CloudTab matches snapshot 1`] = `
<div>
  <section
    class="pf-c-page__main-section pf-m-light"
  >
    <div
      class="pf-l-stack pf-m-gutter"
    >
      <div
        class="pf-l-stack__item"
      >
        <h2
          class="pf-c-title pf-m-xl"
          data-ouia-component-id="OUIA-Generated-Title-4"
          data-ouia-component-type="PF4/Title"
          data-ouia-safe="true"
        >
          Active subscriptions
        </h2>
      </div>
      <div
        class="pf-l-stack__item"
      >
        <table
          aria-label="Managed subscriptions"
          class="managed-subscriptions pf-c-table pf-m-grid-md"
          data-ouia-component-id="OUIA-Generated-Table-8"
          data-ouia-component-type="PF4/Table"
          data-ouia-safe="true"
          role="grid"
        >
          <thead
            class=""
          >
            <tr
              class=""
              data-ouia-component-id="OUIA-Generated-TableRow-20"
              data-ouia-component-type="PF4/TableRow"
              data-ouia-safe="true"
            >
              <th
                class="pf-m-width-10"
                data-key="0"
                data-label=""
              />
              <th
                class="pf-m-width-25"
                data-key="1"
                data-label="Offerings"
                scope="col"
              >
                Offerings
              </th>
              <th
                class="pf-m-width-20"
                data-key="2"
                data-label="Purchased through"
                scope="col"
              >
                Purchased through
              </th>
              <th
                class="pf-m-width-20"
                data-key="3"
                data-label=" "
                scope="col"
              >
                 
              </th>
              <th
                class=""
                data-key="4"
                data-label="Get started"
                scope="col"
              >
                Get started
              </th>
            </tr>
          </thead>
          <tbody
            class=""
            role="rowgroup"
          >
            <tr
              class=""
              data-ouia-component-id="OUIA-Generated-TableRow-21"
              data-ouia-component-type="PF4/TableRow"
              data-ouia-safe="true"
            >
              <td
                class=""
                data-key="0"
              >
                <img
                  alt="OSD"
                  class="partner-logo"
                  src="test-file-stub"
                />
              </td>
              <td
                class=""
                data-key="1"
                data-label="Offerings"
              >
                <a
                  href="https://cloud.redhat.com/products/dedicated/"
                  rel="noopener noreferrer"
                  target="_blank"
                >
                  Red Hat OpenShift Dedicated Trial
                </a>
              </td>
              <td
                class=""
                data-key="2"
                data-label="Purchased through"
              >
                Red Hat
              </td>
              <td
                class=""
                data-key="3"
                data-label=" "
              >
                Available on AWS and GCP
              </td>
              <td
                class=""
                data-key="4"
                data-label="Get started"
              >
                <a
                  href="/create/osdtrial?trial=osd"
                  id="create-trial-cluster"
                >
                  <button
                    aria-disabled="false"
                    class="pf-c-button pf-m-primary create-trial-cluster"
                    data-ouia-component-id="OUIA-Generated-Button-primary-3"
                    data-ouia-component-type="PF4/Button"
                    data-ouia-safe="true"
                    data-test-id="create_osd_trial-cluster_btn"
                    type="button"
                  >
                    Create trial cluster
                  </button>
                </a>
              </td>
            </tr>
            <tr
              class=""
              data-ouia-component-id="OUIA-Generated-TableRow-22"
              data-ouia-component-type="PF4/TableRow"
              data-ouia-safe="true"
            >
              <td
                class=""
                data-key="0"
              >
                <img
                  alt="OSD"
                  class="partner-logo"
                  src="test-file-stub"
                />
              </td>
              <td
                class=""
                data-key="1"
                data-label="Offerings"
              >
                <a
                  href="https://cloud.redhat.com/products/dedicated/"
                  rel="noopener noreferrer"
                  target="_blank"
                >
                  Red Hat OpenShift Dedicated
                </a>
              </td>
              <td
                class=""
                data-key="2"
                data-label="Purchased through"
              >
                Red Hat
              </td>
              <td
                class=""
                data-key="3"
                data-label=" "
              >
                Available on AWS and GCP
              </td>
              <td
                class=""
                data-key="4"
                data-label="Get started"
              >
                <a
                  href="/create/osd"
                  id="create-cluster"
                >
                  <button
                    aria-disabled="false"
                    class="pf-c-button pf-m-primary create-cluster"
                    data-ouia-component-id="OUIA-Generated-Button-primary-4"
                    data-ouia-component-type="PF4/Button"
                    data-ouia-safe="true"
                    data-test-id="create_osd_cluster_btn"
                    type="button"
                  >
                    Create cluster
                  </button>
                </a>
              </td>
            </tr>
          </tbody>
        </table>
        <a
          href="/quota"
        >
          <button
            aria-disabled="false"
            class="pf-c-button pf-m-link"
            data-ouia-component-id="OUIA-Generated-Button-link-3"
            data-ouia-component-type="PF4/Button"
            data-ouia-safe="true"
            id="subscriptions"
            type="button"
          >
            View your available quota 
            <svg
              aria-hidden="true"
              fill="currentColor"
              height="1em"
              role="img"
              style="vertical-align: -0.125em;"
              viewBox="0 0 448 512"
              width="1em"
            >
              <path
                d="M190.5 66.9l22.2-22.2c9.4-9.4 24.6-9.4 33.9 0L441 239c9.4 9.4 9.4 24.6 0 33.9L246.6 467.3c-9.4 9.4-24.6 9.4-33.9 0l-22.2-22.2c-9.5-9.5-9.3-25 .4-34.3L311.4 296H24c-13.3 0-24-10.7-24-24v-32c0-13.3 10.7-24 24-24h287.4L190.9 101.2c-9.8-9.3-10-24.8-.4-34.3z"
              />
            </svg>
          </button>
        </a>
      </div>
    </div>
  </section>
  <section
    class="pf-c-page__main-section"
  >
    <div
      class="pf-l-stack pf-m-gutter"
    >
      <div
        class="pf-l-stack__item"
      >
        <h2
          class="pf-c-title pf-m-xl"
          data-ouia-component-id="OUIA-Generated-Title-5"
          data-ouia-component-type="PF4/Title"
          data-ouia-safe="true"
        >
          Managed services
        </h2>
      </div>
      <div
        class="pf-l-stack__item"
      >
        Create clusters in the cloud using a managed service.
        <table
          aria-label="Managed services table"
          class="pf-c-table pf-m-grid-md"
          data-ouia-component-id="OUIA-Generated-Table-10"
          data-ouia-component-type="PF4/Table"
          data-ouia-safe="true"
          role="grid"
        >
          <thead
            class=""
          >
            <tr
              class=""
              data-ouia-component-id="OUIA-Generated-TableRow-23"
              data-ouia-component-type="PF4/TableRow"
              data-ouia-safe="true"
            >
              <th
                class=""
                data-key="0"
                data-label=""
              />
              <th
                class="pf-m-width-10"
                data-key="1"
                data-label=""
              />
              <th
                class="pf-m-width-25"
                data-key="2"
                data-label="Offerings"
                scope="col"
              >
                Offerings
              </th>
              <th
                class="pf-m-width-20"
                data-key="3"
                data-label="Purchased through"
                scope="col"
              >
                Purchased through
              </th>
              <th
                class="pf-m-width-20"
                data-key="4"
                data-label=" "
                scope="col"
              >
                 
              </th>
              <th
                class=""
                data-key="5"
                data-label="Get started"
                scope="col"
              >
                Get started
              </th>
            </tr>
          </thead>
          <tbody
            class=""
            role="rowgroup"
          >
            <tr
              class=""
              data-ouia-component-id="OUIA-Generated-TableRow-24"
              data-ouia-component-type="PF4/TableRow"
              data-ouia-safe="true"
            >
              <td
                class="pf-c-table__toggle"
                data-key="0"
              >
                <button
                  aria-disabled="false"
                  aria-expanded="false"
                  aria-label="Details"
                  aria-labelledby="simple-node0 expandable-toggle0"
                  class="pf-c-button pf-m-plain"
                  data-ouia-component-id="OUIA-Generated-Button-plain-4"
                  data-ouia-component-type="PF4/Button"
                  data-ouia-safe="true"
                  id="expandable-toggle0"
                  type="button"
                >
                  <div
                    class="pf-c-table__toggle-icon"
                  >
                    <svg
                      aria-hidden="true"
                      fill="currentColor"
                      height="1em"
                      role="img"
                      style="vertical-align: -0.125em;"
                      viewBox="0 0 320 512"
                      width="1em"
                    >
                      <path
                        d="M143 352.3L7 216.3c-9.4-9.4-9.4-24.6 0-33.9l22.6-22.6c9.4-9.4 24.6-9.4 33.9 0l96.4 96.4 96.4-96.4c9.4-9.4 24.6-9.4 33.9 0l22.6 22.6c9.4 9.4 9.4 24.6 0 33.9l-136 136c-9.2 9.4-24.4 9.4-33.8 0z"
                      />
                    </svg>
                  </div>
                </button>
              </td>
              <td
                class=""
                data-key="1"
              >
                <img
                  alt="Microsoft"
                  class="partner-logo"
                  src="test-file-stub"
                />
              </td>
              <td
                class=""
                data-key="2"
                data-label="Offerings"
              >
                <a
                  href="https://azure.microsoft.com/en-us/services/openshift"
                  rel="noopener noreferrer"
                  target="_blank"
                >
                  Azure Red Hat OpenShift
                </a>
              </td>
              <td
                class=""
                data-key="3"
                data-label="Purchased through"
              >
                Microsoft Azure
              </td>
              <td
                class=""
                data-key="4"
                data-label=" "
              >
                Flexible hourly billing
              </td>
              <td
                class=""
                data-key="5"
                data-label="Get started"
              >
                <a
                  aria-disabled="false"
                  class="pf-c-button pf-m-secondary get-started-button"
                  data-ouia-component-id="OUIA-Generated-Button-secondary-3"
                  data-ouia-component-type="PF4/Button"
                  data-ouia-safe="true"
                  href="https://azure.microsoft.com/en-us/services/openshift"
                  rel="noopener noreferrer"
                  target="_blank"
                >
                  Try it on Azure
                </a>
              </td>
            </tr>
            <tr
              class="pf-c-table__expandable-row"
              data-ouia-component-id="OUIA-Generated-TableRow-25"
              data-ouia-component-type="PF4/TableRow"
              data-ouia-safe="true"
              hidden=""
            >
              <td
                class=""
                colspan="6"
                data-key="0"
                id="expanded-content1"
              >
                <div
                  class="pf-c-table__expandable-row-content"
                >
                  <div
                    class="pf-l-stack pf-m-gutter"
                  >
                    <div
                      class="pf-l-stack__item"
                    >
                      A flexible, self-service deployment of OpenShift clusters provided as a fully-managed cloud service by Microsoft and Red Hat.
                      <br />
                      Hosted on Microsoft Azure.
                    </div>
                    <div
                      class="pf-l-stack__item"
                    >
                      <a
                        href="https://azure.microsoft.com/en-us/services/openshift"
                        rel="noopener noreferrer"
                        target="_blank"
                      >
                        Learn more about Azure Red Hat OpenShift 
                        <svg
                          aria-hidden="true"
                          fill="currentColor"
                          height="1em"
                          role="img"
                          style="vertical-align: -0.125em;"
                          viewBox="0 0 448 512"
                          width="1em"
                        >
                          <path
                            d="M190.5 66.9l22.2-22.2c9.4-9.4 24.6-9.4 33.9 0L441 239c9.4 9.4 9.4 24.6 0 33.9L246.6 467.3c-9.4 9.4-24.6 9.4-33.9 0l-22.2-22.2c-9.5-9.5-9.3-25 .4-34.3L311.4 296H24c-13.3 0-24-10.7-24-24v-32c0-13.3 10.7-24 24-24h287.4L190.9 101.2c-9.8-9.3-10-24.8-.4-34.3z"
                          />
                        </svg>
                      </a>
                    </div>
                  </div>
                </div>
              </td>
            </tr>
          </tbody>
          <tbody
            class=""
            role="rowgroup"
          >
            <tr
              class=""
              data-ouia-component-id="OUIA-Generated-TableRow-26"
              data-ouia-component-type="PF4/TableRow"
              data-ouia-safe="true"
            >
              <td
                class="pf-c-table__toggle"
                data-key="0"
              >
                <button
                  aria-disabled="false"
                  aria-expanded="false"
                  aria-label="Details"
                  aria-labelledby="simple-node2 expandable-toggle2"
                  class="pf-c-button pf-m-plain"
                  data-ouia-component-id="OUIA-Generated-Button-plain-5"
                  data-ouia-component-type="PF4/Button"
                  data-ouia-safe="true"
                  id="expandable-toggle2"
                  type="button"
                >
                  <div
                    class="pf-c-table__toggle-icon"
                  >
                    <svg
                      aria-hidden="true"
                      fill="currentColor"
                      height="1em"
                      role="img"
                      style="vertical-align: -0.125em;"
                      viewBox="0 0 320 512"
                      width="1em"
                    >
                      <path
                        d="M143 352.3L7 216.3c-9.4-9.4-9.4-24.6 0-33.9l22.6-22.6c9.4-9.4 24.6-9.4 33.9 0l96.4 96.4 96.4-96.4c9.4-9.4 24.6-9.4 33.9 0l22.6 22.6c9.4 9.4 9.4 24.6 0 33.9l-136 136c-9.2 9.4-24.4 9.4-33.8 0z"
                      />
                    </svg>
                  </div>
                </button>
              </td>
              <td
                class=""
                data-key="1"
              >
                <img
                  alt="IBM Cloud"
                  class="partner-logo"
                  src="test-file-stub"
                />
              </td>
              <td
                class=""
                data-key="2"
                data-label="Offerings"
              >
                <a
                  href="https://www.ibm.com/cloud/openshift"
                  rel="noopener noreferrer"
                  target="_blank"
                >
                  Red Hat OpenShift on IBM Cloud
                </a>
              </td>
              <td
                class=""
                data-key="3"
                data-label="Purchased through"
              >
                IBM
              </td>
              <td
                class=""
                data-key="4"
                data-label=" "
              >
                Flexible hourly billing
              </td>
              <td
                class=""
                data-key="5"
                data-label="Get started"
              >
                <a
                  aria-disabled="false"
                  class="pf-c-button pf-m-secondary get-started-button"
                  data-ouia-component-id="OUIA-Generated-Button-secondary-4"
                  data-ouia-component-type="PF4/Button"
                  data-ouia-safe="true"
                  href="https://cloud.ibm.com/kubernetes/catalog/create?platformType=openshift"
                  rel="noopener noreferrer"
                  target="_blank"
                >
                  Try it on IBM
                </a>
              </td>
            </tr>
            <tr
              class="pf-c-table__expandable-row"
              data-ouia-component-id="OUIA-Generated-TableRow-27"
              data-ouia-component-type="PF4/TableRow"
              data-ouia-safe="true"
              hidden=""
            >
              <td
                class=""
                colspan="6"
                data-key="0"
                id="expanded-content3"
              >
                <div
                  class="pf-c-table__expandable-row-content"
                >
                  <div
                    class="pf-l-stack pf-m-gutter"
                  >
                    <div
                      class="pf-l-stack__item"
                    >
                      A preconfigured OpenShift environment provided as a fully-managed cloud service at enterprise scale.
                      <br />
                      Hosted on IBM Cloud.
                    </div>
                    <div
                      class="pf-l-stack__item"
                    >
                      <a
                        href="https://www.ibm.com/cloud/openshift"
                        rel="noopener noreferrer"
                        target="_blank"
                      >
                        Learn more about Red Hat OpenShift on IBM Cloud 
                        <svg
                          aria-hidden="true"
                          fill="currentColor"
                          height="1em"
                          role="img"
                          style="vertical-align: -0.125em;"
                          viewBox="0 0 448 512"
                          width="1em"
                        >
                          <path
                            d="M190.5 66.9l22.2-22.2c9.4-9.4 24.6-9.4 33.9 0L441 239c9.4 9.4 9.4 24.6 0 33.9L246.6 467.3c-9.4 9.4-24.6 9.4-33.9 0l-22.2-22.2c-9.5-9.5-9.3-25 .4-34.3L311.4 296H24c-13.3 0-24-10.7-24-24v-32c0-13.3 10.7-24 24-24h287.4L190.9 101.2c-9.8-9.3-10-24.8-.4-34.3z"
                          />
                        </svg>
                      </a>
                    </div>
                  </div>
                </div>
              </td>
            </tr>
          </tbody>
          <tbody
            class=""
            role="rowgroup"
          >
            <tr
              class=""
              data-ouia-component-id="OUIA-Generated-TableRow-28"
              data-ouia-component-type="PF4/TableRow"
              data-ouia-safe="true"
            >
              <td
                class="pf-c-table__toggle"
                data-key="0"
              >
                <button
                  aria-disabled="false"
                  aria-expanded="false"
                  aria-label="Details"
                  aria-labelledby="simple-node4 expandable-toggle4"
                  class="pf-c-button pf-m-plain"
                  data-ouia-component-id="OUIA-Generated-Button-plain-6"
                  data-ouia-component-type="PF4/Button"
                  data-ouia-safe="true"
                  id="expandable-toggle4"
                  type="button"
                >
                  <div
                    class="pf-c-table__toggle-icon"
                  >
                    <svg
                      aria-hidden="true"
                      fill="currentColor"
                      height="1em"
                      role="img"
                      style="vertical-align: -0.125em;"
                      viewBox="0 0 320 512"
                      width="1em"
                    >
                      <path
                        d="M143 352.3L7 216.3c-9.4-9.4-9.4-24.6 0-33.9l22.6-22.6c9.4-9.4 24.6-9.4 33.9 0l96.4 96.4 96.4-96.4c9.4-9.4 24.6-9.4 33.9 0l22.6 22.6c9.4 9.4 9.4 24.6 0 33.9l-136 136c-9.2 9.4-24.4 9.4-33.8 0z"
                      />
                    </svg>
                  </div>
                </button>
              </td>
              <td
                class=""
                data-key="1"
              >
                <img
                  alt="AWS"
                  class="partner-logo"
                  src="test-file-stub"
                />
              </td>
              <td
                class=""
                data-key="2"
                data-label="Offerings"
              >
                <a
                  href="https://cloud.redhat.com/products/amazon-openshift"
                  rel="noopener noreferrer"
                  target="_blank"
                >
                  Red Hat OpenShift Service on AWS (ROSA)
                </a>
              </td>
              <td
                class=""
                data-key="3"
                data-label="Purchased through"
              >
                Amazon Web Services
              </td>
              <td
                class=""
                data-key="4"
                data-label=" "
              >
                Flexible hourly billing
              </td>
              <td
                class=""
                data-key="5"
                data-label="Get started"
              >
                <div
                  class="pf-c-dropdown"
                  data-ouia-component-id="OUIA-Generated-Dropdown-2"
                  data-ouia-component-type="PF4/Dropdown"
                  data-ouia-safe="true"
                >
                  <button
                    aria-expanded="false"
                    aria-haspopup="true"
                    class="pf-c-dropdown__toggle pf-m-primary"
                    data-ouia-component-id="OUIA-Generated-DropdownToggle-2"
                    data-ouia-component-type="PF4/DropdownToggle"
                    data-ouia-safe="true"
                    id="pf-dropdown-toggle-id-1"
                    type="button"
                  >
                    <span
                      class="pf-c-dropdown__toggle-text"
                    >
                      Create cluster
                    </span>
                    <span
                      class="pf-c-dropdown__toggle-icon"
                    >
                      <svg
                        aria-hidden="true"
                        fill="currentColor"
                        height="1em"
                        role="img"
                        style="vertical-align: -0.125em;"
                        viewBox="0 0 320 512"
                        width="1em"
                      >
                        <path
                          d="M31.3 192h257.3c17.8 0 26.7 21.5 14.1 34.1L174.1 354.8c-7.8 7.8-20.5 7.8-28.3 0L17.2 226.1C4.6 213.5 13.5 192 31.3 192z"
                        />
                      </svg>
                    </span>
                  </button>
                </div>
                <br />
                <a
                  aria-disabled="false"
                  class="pf-c-button pf-m-link"
                  data-ouia-component-id="OUIA-Generated-Button-link-4"
                  data-ouia-component-type="PF4/Button"
                  data-ouia-safe="true"
                  href="/create/rosa/getstarted"
                >
                  Prerequisites
                </a>
              </td>
            </tr>
            <tr
              class="pf-c-table__expandable-row"
              data-ouia-component-id="OUIA-Generated-TableRow-29"
              data-ouia-component-type="PF4/TableRow"
              data-ouia-safe="true"
              hidden=""
            >
              <td
                class=""
                colspan="6"
                data-key="0"
                id="expanded-content5"
              >
                <div
                  class="pf-c-table__expandable-row-content"
                >
                  <div
                    class="pf-l-stack pf-m-gutter"
                  >
                    <div
                      class="pf-l-stack__item"
                    >
                      Build, deploy, and manage Kubernetes applications with Red Hat OpenShift running natively on AWS.
                      <br />
                      Hosted on AWS.
                    </div>
                    <div
                      class="pf-l-stack__item"
                    >
                      <a
                        href="https://cloud.redhat.com/products/amazon-openshift"
                        rel="noopener noreferrer"
                        target="_blank"
                      >
                        Learn more about Red Hat OpenShift Service on AWS 
                        <svg
                          aria-hidden="true"
                          fill="currentColor"
                          height="1em"
                          role="img"
                          style="vertical-align: -0.125em;"
                          viewBox="0 0 448 512"
                          width="1em"
                        >
                          <path
                            d="M190.5 66.9l22.2-22.2c9.4-9.4 24.6-9.4 33.9 0L441 239c9.4 9.4 9.4 24.6 0 33.9L246.6 467.3c-9.4 9.4-24.6 9.4-33.9 0l-22.2-22.2c-9.5-9.5-9.3-25 .4-34.3L311.4 296H24c-13.3 0-24-10.7-24-24v-32c0-13.3 10.7-24 24-24h287.4L190.9 101.2c-9.8-9.3-10-24.8-.4-34.3z"
                          />
                        </svg>
                      </a>
                    </div>
                  </div>
                </div>
              </td>
            </tr>
          </tbody>
        </table>
      </div>
    </div>
  </section>
  <section
    class="pf-c-page__main-section"
  >
    <div
      class="pf-l-stack pf-m-gutter"
    >
      <div
        class="pf-l-stack__item"
      >
        <h2
          class="pf-c-title pf-m-xl"
          data-ouia-component-id="OUIA-Generated-Title-6"
          data-ouia-component-type="PF4/Title"
          data-ouia-safe="true"
        >
          Run it yourself
        </h2>
      </div>
      <div
        class="pf-l-stack__item"
      >
        Run OpenShift clusters on your own by installing from another cloud provider.
        <table
          aria-label="Run it yourself"
          class="run-it-yourself pf-c-table pf-m-grid-md"
          data-ouia-component-id="OUIA-Generated-Table-12"
          data-ouia-component-type="PF4/Table"
          data-ouia-safe="true"
          role="grid"
        >
          <thead
            class=""
          >
            <tr
              class=""
              data-ouia-component-id="OUIA-Generated-TableRow-30"
              data-ouia-component-type="PF4/TableRow"
              data-ouia-safe="true"
            >
              <th
                class=""
                data-key="0"
                data-label="Cloud provider"
                scope="col"
              >
                Cloud provider
              </th>
              <th
                class=""
                data-key="1"
                data-label="Installation options"
                scope="col"
              >
                Installation options
              </th>
            </tr>
          </thead>
          <tbody
            class=""
            role="rowgroup"
          >
            <tr
              class=""
              data-ouia-component-id="OUIA-Generated-TableRow-31"
              data-ouia-component-type="PF4/TableRow"
              data-ouia-safe="true"
            >
              <td
                class=""
                data-key="0"
                data-label="Cloud provider"
              >
                <a
                  class="pf-u-mr-xs"
                  href="/install/alibaba/installer-provisioned"
                >
                  Alibaba Cloud
                </a>
                <span
                  class="pf-c-label pf-m-orange pf-u-ml-md pf-u-display-inline"
                  data-testid="undefined"
                  style="cursor: pointer;"
                >
                  <span
                    class="pf-c-label__content"
                  >
                    <span
                      class="pf-c-label__icon"
                    >
                      <svg
                        aria-hidden="true"
                        fill="var(--pf-c-label__content--Color)"
                        height="1em"
                        role="img"
                        style="vertical-align: -0.125em;"
                        viewBox="0 0 512 512"
                        width="1em"
                      >
                        <path
                          d="M256 8C119.043 8 8 119.083 8 256c0 136.997 111.043 248 248 248s248-111.003 248-248C504 119.083 392.957 8 256 8zm0 110c23.196 0 42 18.804 42 42s-18.804 42-42 42-42-18.804-42-42 18.804-42 42-42zm56 254c0 6.627-5.373 12-12 12h-88c-6.627 0-12-5.373-12-12v-24c0-6.627 5.373-12 12-12h12v-64h-12c-6.627 0-12-5.373-12-12v-24c0-6.627 5.373-12 12-12h64c6.627 0 12 5.373 12 12v100h12c6.627 0 12 5.373 12 12v24z"
                        />
                      </svg>
                    </span>
                    ai:Technology Preview
                  </span>
                </span>
              </td>
              <td
                class=""
                data-key="1"
                data-label="Installation options"
              >
                Full stack automation
              </td>
            </tr>
            <tr
              class=""
              data-ouia-component-id="OUIA-Generated-TableRow-32"
              data-ouia-component-type="PF4/TableRow"
              data-ouia-safe="true"
            >
              <td
                class=""
                data-key="0"
                data-label="Cloud provider"
              >
                <a
                  href="/install/aws"
                >
                  AWS (x86_64)
                </a>
              </td>
              <td
                class=""
                data-key="1"
                data-label="Installation options"
              >
                Full stack automation and pre-existing infrastructure
              </td>
            </tr>
            <tr
              class=""
              data-ouia-component-id="OUIA-Generated-TableRow-33"
              data-ouia-component-type="PF4/TableRow"
              data-ouia-safe="true"
            >
              <td
                class=""
                data-key="0"
                data-label="Cloud provider"
              >
                <a
                  href="/install/aws/arm"
                >
                  AWS (ARM)
                </a>
              </td>
              <td
                class=""
                data-key="1"
                data-label="Installation options"
              >
                Full stack automation and pre-existing infrastructure
              </td>
            </tr>
            <tr
              class=""
              data-ouia-component-id="OUIA-Generated-TableRow-34"
              data-ouia-component-type="PF4/TableRow"
              data-ouia-safe="true"
            >
              <td
                class=""
                data-key="0"
                data-label="Cloud provider"
              >
                <a
                  href="/install/azure"
                >
                  Azure (x86_64)
                </a>
              </td>
              <td
                class=""
                data-key="1"
                data-label="Installation options"
              >
                Full stack automation and pre-existing infrastructure
              </td>
            </tr>
            <tr
              class=""
              data-ouia-component-id="OUIA-Generated-TableRow-35"
              data-ouia-component-type="PF4/TableRow"
              data-ouia-safe="true"
            >
              <td
                class=""
                data-key="0"
                data-label="Cloud provider"
              >
                <a
                  class="pf-u-mr-xs"
                  href="/install/azure/multi/installer-provisioned"
                >
                  Azure (heterogeneous)
                </a>
                <span
                  class="pf-c-label pf-m-orange pf-u-ml-md pf-u-display-inline"
                  data-testid="undefined"
                  style="cursor: pointer;"
                >
                  <span
                    class="pf-c-label__content"
                  >
                    <span
                      class="pf-c-label__icon"
                    >
                      <svg
                        aria-hidden="true"
                        fill="var(--pf-c-label__content--Color)"
                        height="1em"
                        role="img"
                        style="vertical-align: -0.125em;"
                        viewBox="0 0 512 512"
                        width="1em"
                      >
                        <path
                          d="M256 8C119.043 8 8 119.083 8 256c0 136.997 111.043 248 248 248s248-111.003 248-248C504 119.083 392.957 8 256 8zm0 110c23.196 0 42 18.804 42 42s-18.804 42-42 42-42-18.804-42-42 18.804-42 42-42zm56 254c0 6.627-5.373 12-12 12h-88c-6.627 0-12-5.373-12-12v-24c0-6.627 5.373-12 12-12h12v-64h-12c-6.627 0-12-5.373-12-12v-24c0-6.627 5.373-12 12-12h64c6.627 0 12 5.373 12 12v100h12c6.627 0 12 5.373 12 12v24z"
                        />
                      </svg>
                    </span>
                    ai:Technology Preview
                  </span>
                </span>
              </td>
              <td
                class=""
                data-key="1"
                data-label="Installation options"
              >
                Full stack automation
              </td>
            </tr>
            <tr
              class=""
              data-ouia-component-id="OUIA-Generated-TableRow-36"
              data-ouia-component-type="PF4/TableRow"
              data-ouia-safe="true"
            >
              <td
                class=""
                data-key="0"
                data-label="Cloud provider"
              >
                <a
                  href="/install/gcp"
                >
                  Google Cloud
                </a>
              </td>
              <td
                class=""
                data-key="1"
                data-label="Installation options"
              >
                Full stack automation and pre-existing infrastructure
              </td>
            </tr>
            <tr
              class=""
              data-ouia-component-id="OUIA-Generated-TableRow-37"
              data-ouia-component-type="PF4/TableRow"
              data-ouia-safe="true"
            >
              <td
                class=""
                data-key="0"
                data-label="Cloud provider"
              >
                <a
                  class="pf-u-mr-xs"
                  href="/install/ibm-cloud"
                >
                  IBM Cloud
                </a>
                <span
                  class="pf-c-label pf-m-orange pf-u-ml-md pf-u-display-inline"
                  data-testid="undefined"
                  style="cursor: pointer;"
                >
                  <span
                    class="pf-c-label__content"
                  >
                    <span
                      class="pf-c-label__icon"
                    >
                      <svg
                        aria-hidden="true"
                        fill="var(--pf-c-label__content--Color)"
                        height="1em"
                        role="img"
                        style="vertical-align: -0.125em;"
                        viewBox="0 0 512 512"
                        width="1em"
                      >
                        <path
                          d="M256 8C119.043 8 8 119.083 8 256c0 136.997 111.043 248 248 248s248-111.003 248-248C504 119.083 392.957 8 256 8zm0 110c23.196 0 42 18.804 42 42s-18.804 42-42 42-42-18.804-42-42 18.804-42 42-42zm56 254c0 6.627-5.373 12-12 12h-88c-6.627 0-12-5.373-12-12v-24c0-6.627 5.373-12 12-12h12v-64h-12c-6.627 0-12-5.373-12-12v-24c0-6.627 5.373-12 12-12h64c6.627 0 12 5.373 12 12v100h12c6.627 0 12 5.373 12 12v24z"
                        />
                      </svg>
                    </span>
                    ai:Technology Preview
                  </span>
                </span>
              </td>
              <td
                class=""
                data-key="1"
                data-label="Installation options"
              >
                Full stack automation
              </td>
            </tr>
            <tr
              class=""
              data-ouia-component-id="OUIA-Generated-TableRow-38"
              data-ouia-component-type="PF4/TableRow"
              data-ouia-safe="true"
            >
              <td
                class=""
                data-key="0"
                data-label="Cloud provider"
              >
                <a
                  href="/install/platform-agnostic"
                >
                  Platform agnostic (x86_64)
                </a>
              </td>
              <td
                class=""
                data-key="1"
                data-label="Installation options"
              >
                Pre-existing infrastructure
              </td>
            </tr>
          </tbody>
        </table>
      </div>
    </div>
  </section>
</div>
`;
